// Jest Snapshot v1, https://goo.gl/fbAQLP

exports[`<Card> renders the children with the footer accordingly 1`] = `
<div
  class="block px-4 py-5 sm:p-6 bg-white dark:bg-zinc-900 border border-slate-200 dark:border-zinc-700 shadow dark:shadow-none rounded-md"
  data-testid="card"
>
  <div
    data-testid="child"
  />
  <div
    class="mt-6 -mx-4 -mb-5 sm:-mx-6 sm:-mb-6 px-4 py-4 sm:px-6 bg-slate-50 dark:bg-zinc-800 text-right"
    data-testid="footer"
  >
    <div
      data-testid="footer-child"
    />
  </div>
</div>
`;
